A51 MACRO ASSEMBLER  SIRENE_POL                                                           06/19/2021 21:16:46 PAGE     1


MACRO ASSEMBLER A51 V8.2.5.0
OBJECT MODULE PLACED IN .\Objects\sirene-pol.obj
ASSEMBLER INVOKED BY: C:\Keil_v5\C51\BIN\A51.EXE sirene-pol.asm SET(SMALL) DEBUG PRINT(.\Listings\sirene-pol.lst) OBJECT
                      (.\Objects\sirene-pol.obj) EP

LOC  OBJ            LINE     SOURCE

                       1     ;------------------------------------------------------------------------------

                       2     ;------------------ Dupla: Isabela Rocha e Andresa Fernandes ------------------

                       3     ;------------------------- SIRENE DA POLICIA COM ISR --------------------------

                       4     ;------------------------------------------------------------------------------

                       5                     

                       6     ;------------------------------------------------------------------------------

                       7     ;---------------------------- DEFINIÇÃO DAS PORTAS ----------------------------

                       8     ;------------------------------------------------------------------------------

  0096                 9                             SOM             equ     P1.6

                      10                             

                      11     ;------------------------------------------------------------------------------

                      12     ;------------------------- DECLARAÇÃO DAS VARÍAVEIS ---------------------------

                      13     ;------------------------------------------------------------------------------

----                  14                             dseg    at      8                                               ;  
                                  Segmento de Dados

                      15             

                      16     

0008                  17     CONT:   ds              1

                      18     

0009                  19     N:              ds      1

                      20             

----                  21                             bseg at 20h

                      22     

0020                  23     FLAG:   dbit    1

                      24             

----                  25                             cseg    at      00h                                             ;  
                                  Reset

0000 800B             26                                     jmp             inicio                          

                      27                             

----                  28                             cseg    at      000bh                                   ;       Tim
                             er 0

000B 8045             29                                     jmp             timer0

                      30                             

                      31     ;------------------------------------------------------------------------------

                      32     ;------------------------------- INICIO ---------------------------------------

                      33     ;------------------------------------------------------------------------------

000D                  34     inicio:

                      35     

000D 75817F           36             mov             sp,#80h-1

                      37             

                      38     

0010 758902           39             mov             TMOD,#02h                                                       ;  
                                  Timer 1: modo 0 / Timer 0: Modo 2

0013 758C08           40             mov             TH0,#(256-248)                                          ;       Rec
                             arga timer 0 => N0_1 = 248 / f=600Hz

0016 758DED           41             mov             TH1,#(256-19)                                           ;       Rec
                             arga timer 1 => N1 = 19 / f=250Hz

0019 D28C             42             setb    TR0

001B D28E             43             setb    TR1

001D 7509F8           44             mov             N,#248                                                          ;  
                                  N0_1= 248 / f=600Hz

                      45     

                      46     

0020 75A882           47             mov             IE,#82h                                                         ;  
                                  1000 0000(2) = 80(16)

                      48             

                      49     

A51 MACRO ASSEMBLER  SIRENE_POL                                                           06/19/2021 21:16:46 PAGE     2

0023 750800           50             mov             CONT,#0

                      51     

                      52     ;------------------------------------------------------------------------------

                      53     ;------------------------------- VOLTA ----------------------------------------

                      54     ;------------------------------------------------------------------------------

                      55     

0026                  56     volta:

0026 208F02           57             jb              TF1,TF1_Sim                                                     ;  
                                  TF1=1?

0029 801E             58             jmp             encontro1

                      59     

                      60     

002B                  61     TF1_Sim:

002B C28F             62             clr             TF1

002D 758DED           63             mov             TH1,#(256-19)                                           ;       N1 
                             = 19 / f=250Hz

0030 20200B           64             jb              FLAG,Flag_Sim                                           ;       FLA
                             G=1?

0033 1509             65             DEC             N       

0035 E509             66             mov             a,N

0037 B47C0F           67             cjne    a,#124,encontro1                                        ;       N0_2<=124? 
                             N0_2=124 / f=1200Hz

003A B220             68             CPL             FLAG

003C 800B             69             jmp             encontro1

                      70     

003E                  71     Flag_Sim:

003E 0509             72             inc             N

0040 E509             73             mov             a,N

0042 B4F804           74             cjne    a,#248,encontro1                                        ;       N0_1<=248? 
                             N0_1=248 / f=600Hz

0045 B220             75             cpl     FLAG

0047 8000             76             jmp             encontro1

                      77     

0049                  78     encontro1:

0049 C3               79             clr             c

004A 7400             80             mov             a,#0h

004C 9509             81             subb    a,N

004E F58C             82             mov             TH0,a

0050 80D4             83             jmp             volta

                      84     

                      85     ;------------------------------------------------------------------------------

                      86     ;------------------------------- Timer 0 --------------------------------------

                      87     ;------------------------------------------------------------------------------

                      88     

0052                  89     timer0:

0052 B296             90             cpl             SOM

0054 32               91             RETI

                      92     

                      93     end

A51 MACRO ASSEMBLER  SIRENE_POL                                                           06/19/2021 21:16:46 PAGE     3

SYMBOL TABLE LISTING
------ ----- -------


N A M E             T Y P E  V A L U E   ATTRIBUTES

CONT . . . . . . .  D ADDR   0008H   A   
ENCONTRO1. . . . .  C ADDR   0049H   A   
FLAG . . . . . . .  B ADDR   0024H.0 A   
FLAG_SIM . . . . .  C ADDR   003EH   A   
IE . . . . . . . .  D ADDR   00A8H   A   
INICIO . . . . . .  C ADDR   000DH   A   
N. . . . . . . . .  D ADDR   0009H   A   
P1 . . . . . . . .  D ADDR   0090H   A   
SOM. . . . . . . .  B ADDR   0090H.6 A   
SP . . . . . . . .  D ADDR   0081H   A   
TF1. . . . . . . .  B ADDR   0088H.7 A   
TF1_SIM. . . . . .  C ADDR   002BH   A   
TH0. . . . . . . .  D ADDR   008CH   A   
TH1. . . . . . . .  D ADDR   008DH   A   
TIMER0 . . . . . .  C ADDR   0052H   A   
TMOD . . . . . . .  D ADDR   0089H   A   
TR0. . . . . . . .  B ADDR   0088H.4 A   
TR1. . . . . . . .  B ADDR   0088H.6 A   
VOLTA. . . . . . .  C ADDR   0026H   A   


REGISTER BANK(S) USED: 0 


ASSEMBLY COMPLETE.  0 WARNING(S), 0 ERROR(S)
