A51 MACRO ASSEMBLER  SIRENE_BOMB                                                          06/18/2021 20:06:18 PAGE     1


MACRO ASSEMBLER A51 V8.2.5.0
OBJECT MODULE PLACED IN .\Objects\sirene-bomb.obj
ASSEMBLER INVOKED BY: C:\Keil_v5\C51\BIN\A51.EXE sirene-bomb.asm SET(SMALL) DEBUG PRINT(.\Listings\sirene-bomb.lst) OBJE
                      CT(.\Objects\sirene-bomb.obj) EP

LOC  OBJ            LINE     SOURCE

                       1     ;------------------------------------------------------------------------------

                       2     ;------------------ Dupla: Isabela Rocha e Andresa Fernandes ------------------

                       3     ;------------------------ SIRENE DO BOMBEIRO COM ISR --------------------------

                       4     ;------------------------------------------------------------------------------

                       5                     

                       6     ;------------------------------------------------------------------------------

                       7     ;---------------------------- DEFINIÇÃO DAS PORTAS ----------------------------

                       8     ;------------------------------------------------------------------------------

  0096                 9                             SOM             equ     P1.6

                      10                             

                      11     ;------------------------------------------------------------------------------

                      12     ;------------------------- DECLARAÇÃO DAS VARÍAVEIS ---------------------------

                      13     ;------------------------------------------------------------------------------

----                  14                             dseg    at      8                                               ;  
                                  Segmento de Dados

                      15             

                      16     

0008                  17     CONT:   ds              1

                      18             

----                  19                             bseg at 20h

                      20     

0020                  21     FLAG:   dbit    1

                      22     

----                  23                             cseg    at      00h                     ;       Reset

0000 800B             24                                     jmp             inicio                          

                      25                             

----                  26                             cseg    at      000bh           ;       Timer 0

000B 803E             27                                     jmp             timer0

                      28                             

                      29     ;------------------------------------------------------------------------------

                      30     ;------------------------------- INICIO ---------------------------------------

                      31     ;------------------------------------------------------------------------------

000D                  32     inicio:

                      33     

000D 75817F           34             mov             sp,#80h-1

                      35             

                      36     

0010 758902           37             mov             TMOD,#02h               ;       Timer 1: modo 0 / Timer 0: Modo 2

0013 758C08           38             mov             TH0,#(256-248)  ;       Recarga timer 0 => f=600Hz / N0_1=248

0016 758D9F           39             mov             TH1,#(256-97)   ;       Recarga timer 1 =>0,5s => f=2Hz / N1 = 97

0019 D28C             40             setb    TR0

001B D28E             41             setb    TR1

                      42     

                      43     

001D 75A882           44             mov             IE,#82h                 ;       1000 0010(2) = 82(16)

0020 75B802           45             mov             IP,#2h

                      46             

                      47     

0023 750800           48             mov             CONT,#0

                      49     

                      50     ;------------------------------------------------------------------------------

                      51     ;------------------------------- VOLTA ----------------------------------------

                      52     ;------------------------------------------------------------------------------

                      53     

0026                  54     volta:

0026 208F02           55             jb              TF1,TF1_Sim                     ;       TF1=1?

0029 80FB             56             jmp             volta                           ;

A51 MACRO ASSEMBLER  SIRENE_BOMB                                                          06/18/2021 20:06:18 PAGE     2

                      57     

                      58     

002B                  59     TF1_Sim:

002B C28F             60             clr             TF1

002D 758D9F           61             mov             TH1,#(256-97)           ;       N1 = 97

0030 0508             62             inc             CONT

0032 E508             63             mov             a,CONT

0034 B43012           64             cjne    a,#48,encontro1         ;       CONT<=79?   / M1 = 48

0037 750800           65             mov             CONT,#0

003A 202007           66             jb              FLAG,Flag_Sim           ;       FLAG=1?

003D 758C31           67             mov             TH0, #(256-207)         ;       f2=720Hz / N0_2 = 207

0040 B220             68             cpl             FLAG

0042 8005             69             jmp             encontro1

                      70             

0044                  71     Flag_Sim:

0044 758C08           72             mov             TH0, #(256-248)         ;       f1=600Hz / N0_1 = 248

0047 B220             73             cpl             FLAG

                      74     

0049                  75     encontro1:

0049 80DB             76             jmp             volta

                      77     

                      78     ;------------------------------------------------------------------------------

                      79     ;------------------------------- Timer 0 --------------------------------------

                      80     ;------------------------------------------------------------------------------

                      81     

004B                  82     timer0:

004B B296             83             cpl             SOM

004D 32               84             RETI

                      85     

                      86     end

A51 MACRO ASSEMBLER  SIRENE_BOMB                                                          06/18/2021 20:06:18 PAGE     3

SYMBOL TABLE LISTING
------ ----- -------


N A M E             T Y P E  V A L U E   ATTRIBUTES

CONT . . . . . . .  D ADDR   0008H   A   
ENCONTRO1. . . . .  C ADDR   0049H   A   
FLAG . . . . . . .  B ADDR   0024H.0 A   
FLAG_SIM . . . . .  C ADDR   0044H   A   
IE . . . . . . . .  D ADDR   00A8H   A   
INICIO . . . . . .  C ADDR   000DH   A   
IP . . . . . . . .  D ADDR   00B8H   A   
P1 . . . . . . . .  D ADDR   0090H   A   
SOM. . . . . . . .  B ADDR   0090H.6 A   
SP . . . . . . . .  D ADDR   0081H   A   
TF1. . . . . . . .  B ADDR   0088H.7 A   
TF1_SIM. . . . . .  C ADDR   002BH   A   
TH0. . . . . . . .  D ADDR   008CH   A   
TH1. . . . . . . .  D ADDR   008DH   A   
TIMER0 . . . . . .  C ADDR   004BH   A   
TMOD . . . . . . .  D ADDR   0089H   A   
TR0. . . . . . . .  B ADDR   0088H.4 A   
TR1. . . . . . . .  B ADDR   0088H.6 A   
VOLTA. . . . . . .  C ADDR   0026H   A   


REGISTER BANK(S) USED: 0 


ASSEMBLY COMPLETE.  0 WARNING(S), 0 ERROR(S)
